[Scanning] 0/1
[Probing] 1/10
[Probing] 2/10
[Probing] 3/10
[Probing] 4/10
[Probing] 5/10
[Probing] 6/10
[Probing] 7/10
[Probing] 8/10
[Probing] 9/10
[Probing] 10/10
[Probing] 10/10
[Extracting] 1/9
[Extracting] 2/9
[Extracting] 3/9
[Extracting] 4/9
[Extracting] 5/9
[Extracting] 6/9
[Extracting] 7/9
[Extracting] 8/9
[Extracting] 9/9
[Placing] 0/9
[Correlating] 0/9
[Correlating] 1/9
[Correlating] 2/9
[Correlating] 3/9
[Correlating] 4/9
[Correlating] 5/9
[Correlating] 6/9
[Correlating] 7/9
[Correlating] 8/9
real 623.65
user 137.67
sys 41.38
