[Scanning] 0/5
[Scanning] 128/128
[Probing] 1/180
[Probing] 2/180
[Probing] 3/180
[Probing] 4/180
[Probing] 5/180
[Probing] 6/180
[Probing] 7/180
[Probing] 8/180
[Probing] 9/180
[Probing] 10/180
[Probing] 11/180
[Probing] 12/180
[Probing] 13/180
[Probing] 14/180
[Probing] 15/180
[Probing] 16/180
[Probing] 17/180
[Probing] 18/180
[Probing] 19/180
[Probing] 20/180
[Probing] 21/180
[Probing] 22/180
[Probing] 23/180
[Probing] 24/180
[Probing] 25/180
[Probing] 26/180
[Probing] 27/180
[Probing] 28/180
[Probing] 29/180
[Probing] 30/180
[Probing] 31/180
[Probing] 32/180
[Probing] 33/180
[Probing] 34/180
[Probing] 35/180
[Probing] 36/180
[Probing] 37/180
[Probing] 38/180
[Probing] 39/180
[Probing] 40/180
[Probing] 41/180
[Probing] 42/180
[Probing] 43/180
[Probing] 44/180
[Probing] 45/180
[Probing] 46/180
[Probing] 47/180
[Probing] 48/180
[Probing] 49/180
[Probing] 50/180
[Probing] 51/180
[Probing] 52/180
[Probing] 53/180
[Probing] 54/180
[Probing] 55/180
[Probing] 56/180
[Probing] 57/180
[Probing] 58/180
[Probing] 59/180
[Probing] 60/180
[Probing] 61/180
[Probing] 62/180
[Probing] 63/180
[Probing] 64/180
[Probing] 65/180
[Probing] 66/180
[Probing] 67/180
[Probing] 68/180
[Probing] 69/180
[Probing] 70/180
[Probing] 71/180
[Probing] 72/180
[Probing] 73/180
[Probing] 74/180
[Probing] 75/180
[Probing] 76/180
[Probing] 77/180
[Probing] 78/180
[Probing] 79/180
[Probing] 80/180
[Probing] 81/180
[Probing] 82/180
[Probing] 83/180
[Probing] 84/180
[Probing] 85/180
[Probing] 86/180
[Probing] 87/180
[Probing] 88/180
[Probing] 89/180
[Probing] 90/180
[Probing] 91/180
[Probing] 92/180
[Probing] 93/180
[Probing] 94/180
[Probing] 95/180
[Probing] 96/180
[Probing] 97/180
[Probing] 98/180
[Probing] 99/180
[Probing] 100/180
[Probing] 101/180
[Probing] 102/180
[Probing] 103/180
[Probing] 104/180
[Probing] 105/180
[Probing] 106/180
[Probing] 107/180
[Probing] 108/180
[Probing] 109/180
[Probing] 110/180
[Probing] 111/180
[Probing] 112/180
[Probing] 113/180
[Probing] 114/180
[Probing] 115/180
[Probing] 116/180
[Probing] 117/180
[Probing] 118/180
[Probing] 119/180
[Probing] 120/180
[Probing] 121/180
[Probing] 122/180
[Probing] 123/180
[Probing] 124/180
[Probing] 125/180
[Probing] 126/180
[Probing] 127/180
[Probing] 128/180
[Probing] 129/180
[Probing] 130/180
[Probing] 131/180
[Probing] 132/180
[Probing] 133/180
[Probing] 134/180
[Probing] 135/180
[Probing] 136/180
[Probing] 137/180
[Probing] 138/180
[Probing] 139/180
[Probing] 140/180
[Probing] 141/180
[Probing] 142/180
[Probing] 143/180
[Probing] 144/180
[Probing] 145/180
[Probing] 146/180
[Probing] 147/180
[Probing] 148/180
[Probing] 149/180
[Probing] 150/180
[Probing] 151/180
[Probing] 152/180
[Probing] 153/180
[Probing] 154/180
[Probing] 155/180
[Probing] 156/180
[Probing] 157/180
[Probing] 158/180
[Probing] 159/180
[Probing] 160/180
[Probing] 161/180
[Probing] 162/180
[Probing] 163/180
[Probing] 164/180
[Probing] 165/180
[Probing] 166/180
[Probing] 167/180
[Probing] 168/180
[Probing] 169/180
[Probing] 170/180
[Probing] 171/180
[Probing] 172/180
[Probing] 173/180
[Probing] 174/180
[Probing] 175/180
[Probing] 176/180
[Probing] 177/180
[Probing] 178/180
[Probing] 179/180
[Probing] 180/180
[Probing] 180/180
[Extracting] 1/175
[Extracting] 2/175
[Extracting] 3/175
[Extracting] 4/175
[Extracting] 5/175
[Extracting] 6/175
[Extracting] 7/175
[Extracting] 8/175
[Extracting] 9/175
[Extracting] 10/175
[Extracting] 11/175
[Extracting] 12/175
[Extracting] 13/175
[Extracting] 14/175
[Extracting] 15/175
[Extracting] 16/175
[Extracting] 17/175
[Extracting] 18/175
[Extracting] 19/175
[Extracting] 20/175
[Extracting] 21/175
[Extracting] 22/175
[Extracting] 23/175
[Extracting] 24/175
[Extracting] 25/175
[Extracting] 26/175
[Extracting] 27/175
[Extracting] 28/175
[Extracting] 29/175
[Extracting] 30/175
[Extracting] 31/175
[Extracting] 32/175
[Extracting] 33/175
[Extracting] 34/175
[Extracting] 35/175
[Extracting] 36/175
[Extracting] 37/175
[Extracting] 38/175
[Extracting] 39/175
[Extracting] 40/175
[Extracting] 41/175
[Extracting] 42/175
[Extracting] 43/175
[Extracting] 44/175
[Extracting] 45/175
[Extracting] 46/175
[Extracting] 47/175
[Extracting] 48/175
[Extracting] 49/175
[Extracting] 50/175
[Extracting] 51/175
[Extracting] 52/175
[Extracting] 53/175
[Extracting] 54/175
[Extracting] 55/175
[Extracting] 56/175
[Extracting] 57/175
[Extracting] 58/175
[Extracting] 59/175
[Extracting] 60/175
[Extracting] 61/175
[Extracting] 62/175
[Extracting] 63/175
[Extracting] 64/175
[Extracting] 65/175
[Extracting] 66/175
[Extracting] 67/175
[Extracting] 68/175
[Extracting] 69/175
[Extracting] 70/175
[Extracting] 71/175
[Extracting] 72/175
[Extracting] 73/175
[Extracting] 74/175
[Extracting] 75/175
[Extracting] 76/175
[Extracting] 77/175
[Extracting] 78/175
[Extracting] 79/175
[Extracting] 80/175
[Extracting] 81/175
[Extracting] 82/175
[Extracting] 83/175
[Extracting] 84/175
[Extracting] 85/175
[Extracting] 86/175
[Extracting] 87/175
[Extracting] 88/175
[Extracting] 89/175
[Extracting] 90/175
[Extracting] 91/175
[Extracting] 92/175
[Extracting] 93/175
[Extracting] 94/175
[Extracting] 95/175
[Extracting] 96/175
[Extracting] 97/175
[Extracting] 98/175
[Extracting] 99/175
[Extracting] 100/175
[Extracting] 101/175
[Extracting] 102/175
[Extracting] 103/175
[Extracting] 104/175
[Extracting] 105/175
[Extracting] 106/175
[Extracting] 107/175
[Extracting] 108/175
[Extracting] 109/175
[Extracting] 110/175
[Extracting] 111/175
[Extracting] 112/175
[Extracting] 113/175
[Extracting] 114/175
[Extracting] 115/175
[Extracting] 116/175
[Extracting] 117/175
[Extracting] 118/175
[Extracting] 119/175
[Extracting] 120/175
[Extracting] 121/175
[Extracting] 122/175
[Extracting] 123/175
[Extracting] 124/175
[Extracting] 125/175
[Extracting] 126/175
[Extracting] 127/175
[Extracting] 128/175
[Extracting] 129/175
[Extracting] 130/175
[Extracting] 131/175
[Extracting] 132/175
[Extracting] 133/175
[Extracting] 134/175
[Extracting] 135/175
[Extracting] 136/175
[Extracting] 137/175
[Extracting] 138/175
[Extracting] 139/175
[Extracting] 140/175
[Extracting] 141/175
[Extracting] 142/175
[Extracting] 143/175
[Extracting] 144/175
[Extracting] 145/175
[Extracting] 146/175
[Extracting] 147/175
[Extracting] 148/175
[Extracting] 149/175
[Extracting] 150/175
[Extracting] 151/175
[Extracting] 152/175
[Extracting] 153/175
[Extracting] 154/175
[Extracting] 155/175
[Extracting] 156/175
[Extracting] 157/175
[Extracting] 158/175
[Extracting] 159/175
[Extracting] 160/175
[Extracting] 161/175
[Extracting] 162/175
[Extracting] 163/175
[Extracting] 164/175
[Extracting] 165/175
[Extracting] 166/175
[Extracting] 167/175
[Extracting] 168/175
[Extracting] 169/175
[Extracting] 170/175
[Extracting] 171/175
[Extracting] 172/175
[Extracting] 173/175
[Extracting] 174/175
[Extracting] 175/175
[Placing] 0/175
[Correlating] 0/175
[Correlating] 1/175
[Correlating] 2/175
[Correlating] 3/175
[Correlating] 4/175
[Correlating] 5/175
[Correlating] 6/175
[Correlating] 7/175
[Correlating] 8/175
[Correlating] 9/175
[Correlating] 10/175
[Correlating] 11/175
[Correlating] 12/175
[Correlating] 13/175
[Correlating] 14/175
[Correlating] 15/175
[Correlating] 16/175
[Correlating] 17/175
[Correlating] 18/175
[Correlating] 19/175
[Correlating] 20/175
[Correlating] 21/175
[Correlating] 22/175
[Correlating] 23/175
[Correlating] 24/175
[Correlating] 25/175
[Correlating] 26/175
[Correlating] 27/175
[Correlating] 28/175
[Correlating] 29/175
[Correlating] 30/175
[Correlating] 31/175
[Correlating] 32/175
[Correlating] 33/175
[Correlating] 34/175
[Correlating] 35/175
[Correlating] 36/175
[Correlating] 37/175
[Correlating] 38/175
[Correlating] 39/175
[Correlating] 40/175
[Correlating] 41/175
[Correlating] 42/175
[Correlating] 43/175
[Correlating] 44/175
[Correlating] 45/175
[Correlating] 46/175
[Correlating] 47/175
[Correlating] 48/175
[Correlating] 49/175
[Correlating] 50/175
[Correlating] 51/175
[Correlating] 52/175
[Correlating] 53/175
[Correlating] 54/175
[Correlating] 55/175
[Correlating] 56/175
[Correlating] 57/175
[Correlating] 58/175
[Correlating] 59/175
[Correlating] 60/175
[Correlating] 61/175
[Correlating] 62/175
[Correlating] 63/175
[Correlating] 64/175
[Correlating] 65/175
[Correlating] 66/175
[Correlating] 67/175
[Correlating] 68/175
[Correlating] 69/175
[Correlating] 70/175
[Correlating] 71/175
[Correlating] 72/175
[Correlating] 73/175
[Correlating] 74/175
[Correlating] 75/175
[Correlating] 76/175
[Correlating] 77/175
[Correlating] 78/175
[Correlating] 79/175
[Correlating] 80/175
[Correlating] 81/175
[Correlating] 82/175
[Correlating] 83/175
[Correlating] 84/175
[Correlating] 85/175
[Correlating] 86/175
[Correlating] 87/175
[Correlating] 88/175
[Correlating] 89/175
[Correlating] 90/175
[Correlating] 91/175
[Correlating] 92/175
[Correlating] 93/175
[Correlating] 94/175
[Correlating] 95/175
[Correlating] 96/175
[Correlating] 97/175
[Correlating] 98/175
[Correlating] 99/175
[Correlating] 100/175
[Correlating] 101/175
[Correlating] 102/175
[Correlating] 103/175
[Correlating] 104/175
[Correlating] 105/175
[Correlating] 106/175
[Correlating] 107/175
[Correlating] 108/175
[Correlating] 109/175
[Correlating] 110/175
[Correlating] 111/175
[Correlating] 112/175
[Correlating] 113/175
[Correlating] 114/175
[Correlating] 115/175
[Correlating] 116/175
[Correlating] 117/175
[Correlating] 118/175
[Correlating] 119/175
[Correlating] 120/175
[Correlating] 121/175
[Correlating] 122/175
[Correlating] 123/175
[Correlating] 124/175
[Correlating] 125/175
[Correlating] 126/175
[Correlating] 127/175
[Correlating] 128/175
[Correlating] 129/175
[Correlating] 130/175
[Correlating] 131/175
[Correlating] 132/175
[Correlating] 133/175
[Correlating] 134/175
[Correlating] 135/175
[Correlating] 136/175
[Correlating] 137/175
[Correlating] 138/175
[Correlating] 139/175
[Correlating] 140/175
[Correlating] 141/175
[Correlating] 142/175
[Correlating] 143/175
[Correlating] 144/175
[Correlating] 145/175
[Correlating] 146/175
[Correlating] 147/175
[Correlating] 148/175
[Correlating] 149/175
[Correlating] 150/175
[Correlating] 151/175
[Correlating] 152/175
[Correlating] 153/175
[Correlating] 154/175
[Correlating] 155/175
[Correlating] 156/175
[Correlating] 157/175
[Correlating] 158/175
[Correlating] 159/175
[Correlating] 160/175
[Correlating] 161/175
[Correlating] 162/175
[Correlating] 163/175
[Correlating] 164/175
[Correlating] 165/175
[Correlating] 166/175
[Correlating] 167/175
[Correlating] 168/175
[Correlating] 169/175
[Correlating] 170/175
[Correlating] 171/175
[Correlating] 172/175
[Correlating] 173/175
[Correlating] 174/175
real 2462.70
user 1455.28
sys 92.27
